mkdir .libs
mkdir kernel/.libs
 gcc -I. -I/data/php-ext/utils/ext -DPHP_ATOM_INC -I/data/php-ext/utils/ext/include -I/data/php-ext/utils/ext/main -I/data/php-ext/utils/ext -I/usr/local/Cellar/php56/5.6.31_7/include/php -I/usr/local/Cellar/php56/5.6.31_7/include/php/main -I/usr/local/Cellar/php56/5.6.31_7/include/php/TSRM -I/usr/local/Cellar/php56/5.6.31_7/include/php/Zend -I/usr/local/Cellar/php56/5.6.31_7/include/php/ext -I/usr/local/Cellar/php56/5.6.31_7/include/php/ext/date/lib -DHAVE_CONFIG_H -O2 -fvisibility=hidden -Wparentheses -flto -DZEPHIR_RELEASE=1 -c /data/php-ext/utils/ext/utils.c  -fno-common -DPIC -o .libs/utils.o
 gcc -I. -I/data/php-ext/utils/ext -DPHP_ATOM_INC -I/data/php-ext/utils/ext/include -I/data/php-ext/utils/ext/main -I/data/php-ext/utils/ext -I/usr/local/Cellar/php56/5.6.31_7/include/php -I/usr/local/Cellar/php56/5.6.31_7/include/php/main -I/usr/local/Cellar/php56/5.6.31_7/include/php/TSRM -I/usr/local/Cellar/php56/5.6.31_7/include/php/Zend -I/usr/local/Cellar/php56/5.6.31_7/include/php/ext -I/usr/local/Cellar/php56/5.6.31_7/include/php/ext/date/lib -DHAVE_CONFIG_H -O2 -fvisibility=hidden -Wparentheses -flto -DZEPHIR_RELEASE=1 -c /data/php-ext/utils/ext/kernel/main.c  -fno-common -DPIC -o kernel/.libs/main.o
 gcc -I. -I/data/php-ext/utils/ext -DPHP_ATOM_INC -I/data/php-ext/utils/ext/include -I/data/php-ext/utils/ext/main -I/data/php-ext/utils/ext -I/usr/local/Cellar/php56/5.6.31_7/include/php -I/usr/local/Cellar/php56/5.6.31_7/include/php/main -I/usr/local/Cellar/php56/5.6.31_7/include/php/TSRM -I/usr/local/Cellar/php56/5.6.31_7/include/php/Zend -I/usr/local/Cellar/php56/5.6.31_7/include/php/ext -I/usr/local/Cellar/php56/5.6.31_7/include/php/ext/date/lib -DHAVE_CONFIG_H -O2 -fvisibility=hidden -Wparentheses -flto -DZEPHIR_RELEASE=1 -c /data/php-ext/utils/ext/kernel/memory.c  -fno-common -DPIC -o kernel/.libs/memory.o
 gcc -I. -I/data/php-ext/utils/ext -DPHP_ATOM_INC -I/data/php-ext/utils/ext/include -I/data/php-ext/utils/ext/main -I/data/php-ext/utils/ext -I/usr/local/Cellar/php56/5.6.31_7/include/php -I/usr/local/Cellar/php56/5.6.31_7/include/php/main -I/usr/local/Cellar/php56/5.6.31_7/include/php/TSRM -I/usr/local/Cellar/php56/5.6.31_7/include/php/Zend -I/usr/local/Cellar/php56/5.6.31_7/include/php/ext -I/usr/local/Cellar/php56/5.6.31_7/include/php/ext/date/lib -DHAVE_CONFIG_H -O2 -fvisibility=hidden -Wparentheses -flto -DZEPHIR_RELEASE=1 -c /data/php-ext/utils/ext/kernel/exception.c  -fno-common -DPIC -o kernel/.libs/exception.o
 gcc -I. -I/data/php-ext/utils/ext -DPHP_ATOM_INC -I/data/php-ext/utils/ext/include -I/data/php-ext/utils/ext/main -I/data/php-ext/utils/ext -I/usr/local/Cellar/php56/5.6.31_7/include/php -I/usr/local/Cellar/php56/5.6.31_7/include/php/main -I/usr/local/Cellar/php56/5.6.31_7/include/php/TSRM -I/usr/local/Cellar/php56/5.6.31_7/include/php/Zend -I/usr/local/Cellar/php56/5.6.31_7/include/php/ext -I/usr/local/Cellar/php56/5.6.31_7/include/php/ext/date/lib -DHAVE_CONFIG_H -O2 -fvisibility=hidden -Wparentheses -flto -DZEPHIR_RELEASE=1 -c /data/php-ext/utils/ext/kernel/debug.c  -fno-common -DPIC -o kernel/.libs/debug.o
 gcc -I. -I/data/php-ext/utils/ext -DPHP_ATOM_INC -I/data/php-ext/utils/ext/include -I/data/php-ext/utils/ext/main -I/data/php-ext/utils/ext -I/usr/local/Cellar/php56/5.6.31_7/include/php -I/usr/local/Cellar/php56/5.6.31_7/include/php/main -I/usr/local/Cellar/php56/5.6.31_7/include/php/TSRM -I/usr/local/Cellar/php56/5.6.31_7/include/php/Zend -I/usr/local/Cellar/php56/5.6.31_7/include/php/ext -I/usr/local/Cellar/php56/5.6.31_7/include/php/ext/date/lib -DHAVE_CONFIG_H -O2 -fvisibility=hidden -Wparentheses -flto -DZEPHIR_RELEASE=1 -c /data/php-ext/utils/ext/kernel/backtrace.c  -fno-common -DPIC -o kernel/.libs/backtrace.o
 gcc -I. -I/data/php-ext/utils/ext -DPHP_ATOM_INC -I/data/php-ext/utils/ext/include -I/data/php-ext/utils/ext/main -I/data/php-ext/utils/ext -I/usr/local/Cellar/php56/5.6.31_7/include/php -I/usr/local/Cellar/php56/5.6.31_7/include/php/main -I/usr/local/Cellar/php56/5.6.31_7/include/php/TSRM -I/usr/local/Cellar/php56/5.6.31_7/include/php/Zend -I/usr/local/Cellar/php56/5.6.31_7/include/php/ext -I/usr/local/Cellar/php56/5.6.31_7/include/php/ext/date/lib -DHAVE_CONFIG_H -O2 -fvisibility=hidden -Wparentheses -flto -DZEPHIR_RELEASE=1 -c /data/php-ext/utils/ext/kernel/object.c  -fno-common -DPIC -o kernel/.libs/object.o
 gcc -I. -I/data/php-ext/utils/ext -DPHP_ATOM_INC -I/data/php-ext/utils/ext/include -I/data/php-ext/utils/ext/main -I/data/php-ext/utils/ext -I/usr/local/Cellar/php56/5.6.31_7/include/php -I/usr/local/Cellar/php56/5.6.31_7/include/php/main -I/usr/local/Cellar/php56/5.6.31_7/include/php/TSRM -I/usr/local/Cellar/php56/5.6.31_7/include/php/Zend -I/usr/local/Cellar/php56/5.6.31_7/include/php/ext -I/usr/local/Cellar/php56/5.6.31_7/include/php/ext/date/lib -DHAVE_CONFIG_H -O2 -fvisibility=hidden -Wparentheses -flto -DZEPHIR_RELEASE=1 -c /data/php-ext/utils/ext/kernel/array.c  -fno-common -DPIC -o kernel/.libs/array.o
 gcc -I. -I/data/php-ext/utils/ext -DPHP_ATOM_INC -I/data/php-ext/utils/ext/include -I/data/php-ext/utils/ext/main -I/data/php-ext/utils/ext -I/usr/local/Cellar/php56/5.6.31_7/include/php -I/usr/local/Cellar/php56/5.6.31_7/include/php/main -I/usr/local/Cellar/php56/5.6.31_7/include/php/TSRM -I/usr/local/Cellar/php56/5.6.31_7/include/php/Zend -I/usr/local/Cellar/php56/5.6.31_7/include/php/ext -I/usr/local/Cellar/php56/5.6.31_7/include/php/ext/date/lib -DHAVE_CONFIG_H -O2 -fvisibility=hidden -Wparentheses -flto -DZEPHIR_RELEASE=1 -c /data/php-ext/utils/ext/kernel/string.c  -fno-common -DPIC -o kernel/.libs/string.o
 gcc -I. -I/data/php-ext/utils/ext -DPHP_ATOM_INC -I/data/php-ext/utils/ext/include -I/data/php-ext/utils/ext/main -I/data/php-ext/utils/ext -I/usr/local/Cellar/php56/5.6.31_7/include/php -I/usr/local/Cellar/php56/5.6.31_7/include/php/main -I/usr/local/Cellar/php56/5.6.31_7/include/php/TSRM -I/usr/local/Cellar/php56/5.6.31_7/include/php/Zend -I/usr/local/Cellar/php56/5.6.31_7/include/php/ext -I/usr/local/Cellar/php56/5.6.31_7/include/php/ext/date/lib -DHAVE_CONFIG_H -O2 -fvisibility=hidden -Wparentheses -flto -DZEPHIR_RELEASE=1 -c /data/php-ext/utils/ext/kernel/fcall.c  -fno-common -DPIC -o kernel/.libs/fcall.o
mkdir kernel/extended/.libs
 gcc -I. -I/data/php-ext/utils/ext -DPHP_ATOM_INC -I/data/php-ext/utils/ext/include -I/data/php-ext/utils/ext/main -I/data/php-ext/utils/ext -I/usr/local/Cellar/php56/5.6.31_7/include/php -I/usr/local/Cellar/php56/5.6.31_7/include/php/main -I/usr/local/Cellar/php56/5.6.31_7/include/php/TSRM -I/usr/local/Cellar/php56/5.6.31_7/include/php/Zend -I/usr/local/Cellar/php56/5.6.31_7/include/php/ext -I/usr/local/Cellar/php56/5.6.31_7/include/php/ext/date/lib -DHAVE_CONFIG_H -O2 -fvisibility=hidden -Wparentheses -flto -DZEPHIR_RELEASE=1 -c /data/php-ext/utils/ext/kernel/extended/fcall.c  -fno-common -DPIC -o kernel/extended/.libs/fcall.o
 gcc -I. -I/data/php-ext/utils/ext -DPHP_ATOM_INC -I/data/php-ext/utils/ext/include -I/data/php-ext/utils/ext/main -I/data/php-ext/utils/ext -I/usr/local/Cellar/php56/5.6.31_7/include/php -I/usr/local/Cellar/php56/5.6.31_7/include/php/main -I/usr/local/Cellar/php56/5.6.31_7/include/php/TSRM -I/usr/local/Cellar/php56/5.6.31_7/include/php/Zend -I/usr/local/Cellar/php56/5.6.31_7/include/php/ext -I/usr/local/Cellar/php56/5.6.31_7/include/php/ext/date/lib -DHAVE_CONFIG_H -O2 -fvisibility=hidden -Wparentheses -flto -DZEPHIR_RELEASE=1 -c /data/php-ext/utils/ext/kernel/require.c  -fno-common -DPIC -o kernel/.libs/require.o
 gcc -I. -I/data/php-ext/utils/ext -DPHP_ATOM_INC -I/data/php-ext/utils/ext/include -I/data/php-ext/utils/ext/main -I/data/php-ext/utils/ext -I/usr/local/Cellar/php56/5.6.31_7/include/php -I/usr/local/Cellar/php56/5.6.31_7/include/php/main -I/usr/local/Cellar/php56/5.6.31_7/include/php/TSRM -I/usr/local/Cellar/php56/5.6.31_7/include/php/Zend -I/usr/local/Cellar/php56/5.6.31_7/include/php/ext -I/usr/local/Cellar/php56/5.6.31_7/include/php/ext/date/lib -DHAVE_CONFIG_H -O2 -fvisibility=hidden -Wparentheses -flto -DZEPHIR_RELEASE=1 -c /data/php-ext/utils/ext/kernel/file.c  -fno-common -DPIC -o kernel/.libs/file.o
 gcc -I. -I/data/php-ext/utils/ext -DPHP_ATOM_INC -I/data/php-ext/utils/ext/include -I/data/php-ext/utils/ext/main -I/data/php-ext/utils/ext -I/usr/local/Cellar/php56/5.6.31_7/include/php -I/usr/local/Cellar/php56/5.6.31_7/include/php/main -I/usr/local/Cellar/php56/5.6.31_7/include/php/TSRM -I/usr/local/Cellar/php56/5.6.31_7/include/php/Zend -I/usr/local/Cellar/php56/5.6.31_7/include/php/ext -I/usr/local/Cellar/php56/5.6.31_7/include/php/ext/date/lib -DHAVE_CONFIG_H -O2 -fvisibility=hidden -Wparentheses -flto -DZEPHIR_RELEASE=1 -c /data/php-ext/utils/ext/kernel/operators.c  -fno-common -DPIC -o kernel/.libs/operators.o
 gcc -I. -I/data/php-ext/utils/ext -DPHP_ATOM_INC -I/data/php-ext/utils/ext/include -I/data/php-ext/utils/ext/main -I/data/php-ext/utils/ext -I/usr/local/Cellar/php56/5.6.31_7/include/php -I/usr/local/Cellar/php56/5.6.31_7/include/php/main -I/usr/local/Cellar/php56/5.6.31_7/include/php/TSRM -I/usr/local/Cellar/php56/5.6.31_7/include/php/Zend -I/usr/local/Cellar/php56/5.6.31_7/include/php/ext -I/usr/local/Cellar/php56/5.6.31_7/include/php/ext/date/lib -DHAVE_CONFIG_H -O2 -fvisibility=hidden -Wparentheses -flto -DZEPHIR_RELEASE=1 -c /data/php-ext/utils/ext/kernel/math.c  -fno-common -DPIC -o kernel/.libs/math.o
 gcc -I. -I/data/php-ext/utils/ext -DPHP_ATOM_INC -I/data/php-ext/utils/ext/include -I/data/php-ext/utils/ext/main -I/data/php-ext/utils/ext -I/usr/local/Cellar/php56/5.6.31_7/include/php -I/usr/local/Cellar/php56/5.6.31_7/include/php/main -I/usr/local/Cellar/php56/5.6.31_7/include/php/TSRM -I/usr/local/Cellar/php56/5.6.31_7/include/php/Zend -I/usr/local/Cellar/php56/5.6.31_7/include/php/ext -I/usr/local/Cellar/php56/5.6.31_7/include/php/ext/date/lib -DHAVE_CONFIG_H -O2 -fvisibility=hidden -Wparentheses -flto -DZEPHIR_RELEASE=1 -c /data/php-ext/utils/ext/kernel/concat.c  -fno-common -DPIC -o kernel/.libs/concat.o
 gcc -I. -I/data/php-ext/utils/ext -DPHP_ATOM_INC -I/data/php-ext/utils/ext/include -I/data/php-ext/utils/ext/main -I/data/php-ext/utils/ext -I/usr/local/Cellar/php56/5.6.31_7/include/php -I/usr/local/Cellar/php56/5.6.31_7/include/php/main -I/usr/local/Cellar/php56/5.6.31_7/include/php/TSRM -I/usr/local/Cellar/php56/5.6.31_7/include/php/Zend -I/usr/local/Cellar/php56/5.6.31_7/include/php/ext -I/usr/local/Cellar/php56/5.6.31_7/include/php/ext/date/lib -DHAVE_CONFIG_H -O2 -fvisibility=hidden -Wparentheses -flto -DZEPHIR_RELEASE=1 -c /data/php-ext/utils/ext/kernel/variables.c  -fno-common -DPIC -o kernel/.libs/variables.o
 gcc -I. -I/data/php-ext/utils/ext -DPHP_ATOM_INC -I/data/php-ext/utils/ext/include -I/data/php-ext/utils/ext/main -I/data/php-ext/utils/ext -I/usr/local/Cellar/php56/5.6.31_7/include/php -I/usr/local/Cellar/php56/5.6.31_7/include/php/main -I/usr/local/Cellar/php56/5.6.31_7/include/php/TSRM -I/usr/local/Cellar/php56/5.6.31_7/include/php/Zend -I/usr/local/Cellar/php56/5.6.31_7/include/php/ext -I/usr/local/Cellar/php56/5.6.31_7/include/php/ext/date/lib -DHAVE_CONFIG_H -O2 -fvisibility=hidden -Wparentheses -flto -DZEPHIR_RELEASE=1 -c /data/php-ext/utils/ext/kernel/filter.c  -fno-common -DPIC -o kernel/.libs/filter.o
 gcc -I. -I/data/php-ext/utils/ext -DPHP_ATOM_INC -I/data/php-ext/utils/ext/include -I/data/php-ext/utils/ext/main -I/data/php-ext/utils/ext -I/usr/local/Cellar/php56/5.6.31_7/include/php -I/usr/local/Cellar/php56/5.6.31_7/include/php/main -I/usr/local/Cellar/php56/5.6.31_7/include/php/TSRM -I/usr/local/Cellar/php56/5.6.31_7/include/php/Zend -I/usr/local/Cellar/php56/5.6.31_7/include/php/ext -I/usr/local/Cellar/php56/5.6.31_7/include/php/ext/date/lib -DHAVE_CONFIG_H -O2 -fvisibility=hidden -Wparentheses -flto -DZEPHIR_RELEASE=1 -c /data/php-ext/utils/ext/kernel/iterator.c  -fno-common -DPIC -o kernel/.libs/iterator.o
 gcc -I. -I/data/php-ext/utils/ext -DPHP_ATOM_INC -I/data/php-ext/utils/ext/include -I/data/php-ext/utils/ext/main -I/data/php-ext/utils/ext -I/usr/local/Cellar/php56/5.6.31_7/include/php -I/usr/local/Cellar/php56/5.6.31_7/include/php/main -I/usr/local/Cellar/php56/5.6.31_7/include/php/TSRM -I/usr/local/Cellar/php56/5.6.31_7/include/php/Zend -I/usr/local/Cellar/php56/5.6.31_7/include/php/ext -I/usr/local/Cellar/php56/5.6.31_7/include/php/ext/date/lib -DHAVE_CONFIG_H -O2 -fvisibility=hidden -Wparentheses -flto -DZEPHIR_RELEASE=1 -c /data/php-ext/utils/ext/kernel/time.c  -fno-common -DPIC -o kernel/.libs/time.o
 gcc -I. -I/data/php-ext/utils/ext -DPHP_ATOM_INC -I/data/php-ext/utils/ext/include -I/data/php-ext/utils/ext/main -I/data/php-ext/utils/ext -I/usr/local/Cellar/php56/5.6.31_7/include/php -I/usr/local/Cellar/php56/5.6.31_7/include/php/main -I/usr/local/Cellar/php56/5.6.31_7/include/php/TSRM -I/usr/local/Cellar/php56/5.6.31_7/include/php/Zend -I/usr/local/Cellar/php56/5.6.31_7/include/php/ext -I/usr/local/Cellar/php56/5.6.31_7/include/php/ext/date/lib -DHAVE_CONFIG_H -O2 -fvisibility=hidden -Wparentheses -flto -DZEPHIR_RELEASE=1 -c /data/php-ext/utils/ext/kernel/exit.c  -fno-common -DPIC -o kernel/.libs/exit.o
mkdir utils/.libs
 gcc -I. -I/data/php-ext/utils/ext -DPHP_ATOM_INC -I/data/php-ext/utils/ext/include -I/data/php-ext/utils/ext/main -I/data/php-ext/utils/ext -I/usr/local/Cellar/php56/5.6.31_7/include/php -I/usr/local/Cellar/php56/5.6.31_7/include/php/main -I/usr/local/Cellar/php56/5.6.31_7/include/php/TSRM -I/usr/local/Cellar/php56/5.6.31_7/include/php/Zend -I/usr/local/Cellar/php56/5.6.31_7/include/php/ext -I/usr/local/Cellar/php56/5.6.31_7/include/php/ext/date/lib -DHAVE_CONFIG_H -O2 -fvisibility=hidden -Wparentheses -flto -DZEPHIR_RELEASE=1 -c /data/php-ext/utils/ext/utils/greeting.zep.c  -fno-common -DPIC -o utils/.libs/greeting.o
gcc ${wl}-flat_namespace ${wl}-undefined ${wl}suppress -o .libs/utils.so -bundle  .libs/utils.o kernel/.libs/main.o kernel/.libs/memory.o kernel/.libs/exception.o kernel/.libs/debug.o kernel/.libs/backtrace.o kernel/.libs/object.o kernel/.libs/array.o kernel/.libs/string.o kernel/.libs/fcall.o kernel/extended/.libs/fcall.o kernel/.libs/require.o kernel/.libs/file.o kernel/.libs/operators.o kernel/.libs/math.o kernel/.libs/concat.o kernel/.libs/variables.o kernel/.libs/filter.o kernel/.libs/iterator.o kernel/.libs/time.o kernel/.libs/exit.o utils/.libs/greeting.o  
dsymutil .libs/utils.so || :
creating utils.la
(cd .libs && rm -f utils.la && ln -s ../utils.la utils.la)
cp ./.libs/utils.so /data/php-ext/utils/ext/modules/utils.so
cp ./.libs/utils.lai /data/php-ext/utils/ext/modules/utils.la
----------------------------------------------------------------------
Libraries have been installed in:
   /data/php-ext/utils/ext/modules

If you ever happen to want to link against installed libraries
in a given directory, LIBDIR, you must either use libtool, and
specify the full pathname of the library, or use the `-LLIBDIR'
flag during linking and do at least one of the following:
   - add LIBDIR to the `DYLD_LIBRARY_PATH' environment variable
     during execution

See any operating system documentation about shared libraries for
more information, such as the ld(1) and ld.so(8) manual pages.
----------------------------------------------------------------------

Build complete.
Don't forget to run 'make test'.


Build complete.
Don't forget to run 'make test'.

Installing shared extensions:     /usr/local/Cellar/php56/5.6.31_7/lib/php/extensions/no-debug-non-zts-20131226/
Installing header files:           /usr/local/Cellar/php56/5.6.31_7/include/php/
